[2020-06-06T20:56:36.140+0530][gc,heap] Heap region size: 1M
[2020-06-06T20:56:36.171+0530][gc     ] Using G1
[2020-06-06T20:56:36.171+0530][gc,heap,coops] Heap address: 0x00000000c0000000, size: 1024 MB, Compressed Oops mode: 32-bit
[2020-06-06T20:56:36.172+0530][gc,cds       ] Mark closed archive regions in map: [0x00000000fff00000, 0x00000000fff69ff8]
[2020-06-06T20:56:36.172+0530][gc,cds       ] Mark open archive regions in map: [0x00000000ffe00000, 0x00000000ffe46ff8]
[2020-06-06T20:56:39.374+0530][gc,start     ] GC(0) Pause Young (Normal) (G1 Evacuation Pause)
[2020-06-06T20:56:39.376+0530][gc,task      ] GC(0) Using 8 workers of 8 for evacuation
[2020-06-06T20:56:39.409+0530][gc,mmu       ] GC(0) MMU target violated: 21.0ms (20.0ms/21.0ms)
[2020-06-06T20:56:39.409+0530][gc,phases    ] GC(0)   Pre Evacuate Collection Set: 0.1ms
[2020-06-06T20:56:39.409+0530][gc,phases    ] GC(0)   Evacuate Collection Set: 31.9ms
[2020-06-06T20:56:39.409+0530][gc,phases    ] GC(0)   Post Evacuate Collection Set: 1.4ms
[2020-06-06T20:56:39.409+0530][gc,phases    ] GC(0)   Other: 2.5ms
[2020-06-06T20:56:39.409+0530][gc,heap      ] GC(0) Eden regions: 51->0(44)
[2020-06-06T20:56:39.409+0530][gc,heap      ] GC(0) Survivor regions: 0->7(7)
[2020-06-06T20:56:39.409+0530][gc,heap      ] GC(0) Old regions: 2->2
[2020-06-06T20:56:39.409+0530][gc,heap      ] GC(0) Humongous regions: 0->0
[2020-06-06T20:56:39.409+0530][gc,metaspace ] GC(0) Metaspace: 15357K->15357K(1062912K)
[2020-06-06T20:56:39.410+0530][gc           ] GC(0) Pause Young (Normal) (G1 Evacuation Pause) 51M->7M(1024M) 36.019ms
[2020-06-06T20:56:39.410+0530][gc,cpu       ] GC(0) User=0.24s Sys=0.01s Real=0.03s
[2020-06-06T20:56:39.991+0530][gc,heap,exit ] Heap
[2020-06-06T20:56:39.991+0530][gc,heap,exit ]  garbage-first heap   total 1048576K, used 19647K [0x00000000c0000000, 0x0000000100000000)
[2020-06-06T20:56:39.991+0530][gc,heap,exit ]   region size 1024K, 20 young (20480K), 7 survivors (7168K)
[2020-06-06T20:56:39.991+0530][gc,heap,exit ]  Metaspace       used 18554K, capacity 19066K, committed 19200K, reserved 1067008K
[2020-06-06T20:56:39.991+0530][gc,heap,exit ]   class space    used 2269K, capacity 2463K, committed 2560K, reserved 1048576K
