[2020-06-06T20:49:58.252+0530][gc,heap] Heap region size: 1M
[2020-06-06T20:49:58.290+0530][gc     ] Using G1
[2020-06-06T20:49:58.290+0530][gc,heap,coops] Heap address: 0x00000000c0000000, size: 1024 MB, Compressed Oops mode: 32-bit
[2020-06-06T20:49:58.291+0530][gc,cds       ] Mark closed archive regions in map: [0x00000000fff00000, 0x00000000fff69ff8]
[2020-06-06T20:49:58.291+0530][gc,cds       ] Mark open archive regions in map: [0x00000000ffe00000, 0x00000000ffe46ff8]
[2020-06-06T20:50:02.341+0530][gc,start     ] GC(0) Pause Young (Normal) (G1 Evacuation Pause)
[2020-06-06T20:50:02.343+0530][gc,task      ] GC(0) Using 8 workers of 8 for evacuation
[2020-06-06T20:50:02.379+0530][gc,mmu       ] GC(0) MMU target violated: 21.0ms (20.0ms/21.0ms)
[2020-06-06T20:50:02.379+0530][gc,phases    ] GC(0)   Pre Evacuate Collection Set: 0.0ms
[2020-06-06T20:50:02.379+0530][gc,phases    ] GC(0)   Evacuate Collection Set: 34.6ms
[2020-06-06T20:50:02.379+0530][gc,phases    ] GC(0)   Post Evacuate Collection Set: 1.4ms
[2020-06-06T20:50:02.379+0530][gc,phases    ] GC(0)   Other: 2.7ms
[2020-06-06T20:50:02.379+0530][gc,heap      ] GC(0) Eden regions: 51->0(44)
[2020-06-06T20:50:02.380+0530][gc,heap      ] GC(0) Survivor regions: 0->7(7)
[2020-06-06T20:50:02.380+0530][gc,heap      ] GC(0) Old regions: 2->2
[2020-06-06T20:50:02.380+0530][gc,heap      ] GC(0) Humongous regions: 0->0
[2020-06-06T20:50:02.380+0530][gc,metaspace ] GC(0) Metaspace: 15365K->15365K(1062912K)
[2020-06-06T20:50:02.380+0530][gc           ] GC(0) Pause Young (Normal) (G1 Evacuation Pause) 51M->7M(1024M) 38.893ms
[2020-06-06T20:50:02.380+0530][gc,cpu       ] GC(0) User=0.20s Sys=0.01s Real=0.04s
[2020-06-06T20:50:03.607+0530][gc,start     ] GC(1) Pause Young (Concurrent Start) (Metadata GC Threshold)
[2020-06-06T20:50:03.607+0530][gc,task      ] GC(1) Using 8 workers of 8 for evacuation
[2020-06-06T20:50:03.651+0530][gc,mmu       ] GC(1) MMU target violated: 21.0ms (20.0ms/21.0ms)
[2020-06-06T20:50:03.651+0530][gc,phases    ] GC(1)   Pre Evacuate Collection Set: 0.1ms
[2020-06-06T20:50:03.651+0530][gc,phases    ] GC(1)   Evacuate Collection Set: 42.5ms
[2020-06-06T20:50:03.651+0530][gc,phases    ] GC(1)   Post Evacuate Collection Set: 1.4ms
[2020-06-06T20:50:03.652+0530][gc,phases    ] GC(1)   Other: 0.8ms
[2020-06-06T20:50:03.652+0530][gc,heap      ] GC(1) Eden regions: 22->0(49)
[2020-06-06T20:50:03.652+0530][gc,heap      ] GC(1) Survivor regions: 7->2(7)
[2020-06-06T20:50:03.652+0530][gc,heap      ] GC(1) Old regions: 2->9
[2020-06-06T20:50:03.652+0530][gc,heap      ] GC(1) Humongous regions: 129->129
[2020-06-06T20:50:03.652+0530][gc,metaspace ] GC(1) Metaspace: 20548K->20548K(1067008K)
[2020-06-06T20:50:03.652+0530][gc           ] GC(1) Pause Young (Concurrent Start) (Metadata GC Threshold) 157M->137M(1024M) 45.171ms
[2020-06-06T20:50:03.652+0530][gc,cpu       ] GC(1) User=0.15s Sys=0.01s Real=0.05s
[2020-06-06T20:50:03.652+0530][gc           ] GC(2) Concurrent Cycle
[2020-06-06T20:50:03.652+0530][gc,marking   ] GC(2) Concurrent Clear Claimed Marks
[2020-06-06T20:50:03.652+0530][gc,marking   ] GC(2) Concurrent Clear Claimed Marks 0.143ms
[2020-06-06T20:50:03.652+0530][gc,marking   ] GC(2) Concurrent Scan Root Regions
[2020-06-06T20:50:03.656+0530][gc,marking   ] GC(2) Concurrent Scan Root Regions 4.200ms
[2020-06-06T20:50:03.657+0530][gc,marking   ] GC(2) Concurrent Mark (5.417s)
[2020-06-06T20:50:03.657+0530][gc,marking   ] GC(2) Concurrent Mark From Roots
[2020-06-06T20:50:03.657+0530][gc,task      ] GC(2) Using 2 workers of 2 for marking
[2020-06-06T20:50:03.681+0530][gc,marking   ] GC(2) Concurrent Mark From Roots 24.798ms
[2020-06-06T20:50:03.682+0530][gc,marking   ] GC(2) Concurrent Preclean
[2020-06-06T20:50:03.682+0530][gc,marking   ] GC(2) Concurrent Preclean 0.580ms
[2020-06-06T20:50:03.682+0530][gc,marking   ] GC(2) Concurrent Mark (5.417s, 5.443s) 25.606ms
[2020-06-06T20:50:03.686+0530][gc,start     ] GC(2) Pause Remark
[2020-06-06T20:50:03.692+0530][gc,stringtable] GC(2) Cleaned string and symbol table, strings: 4843 processed, 0 removed, symbols: 50391 processed, 41 removed
[2020-06-06T20:50:03.692+0530][gc            ] GC(2) Pause Remark 138M->138M(1024M) 5.925ms
[2020-06-06T20:50:03.692+0530][gc,cpu        ] GC(2) User=0.02s Sys=0.00s Real=0.01s
[2020-06-06T20:50:03.693+0530][gc,marking    ] GC(2) Concurrent Rebuild Remembered Sets
[2020-06-06T20:50:03.702+0530][gc,marking    ] GC(2) Concurrent Rebuild Remembered Sets 9.865ms
[2020-06-06T20:50:03.704+0530][gc,start      ] GC(2) Pause Cleanup
[2020-06-06T20:50:03.704+0530][gc            ] GC(2) Pause Cleanup 138M->138M(1024M) 0.914ms
[2020-06-06T20:50:03.704+0530][gc,cpu        ] GC(2) User=0.01s Sys=0.00s Real=0.00s
[2020-06-06T20:50:03.705+0530][gc,marking    ] GC(2) Concurrent Cleanup for Next Mark
[2020-06-06T20:50:03.725+0530][gc,marking    ] GC(2) Concurrent Cleanup for Next Mark 20.731ms
[2020-06-06T20:50:03.725+0530][gc            ] GC(2) Concurrent Cycle 73.480ms
[2020-06-06T20:50:05.684+0530][gc,start      ] GC(3) Pause Young (Normal) (G1 Evacuation Pause)
[2020-06-06T20:50:05.684+0530][gc,task       ] GC(3) Using 8 workers of 8 for evacuation
[2020-06-06T20:50:05.700+0530][gc,phases     ] GC(3)   Pre Evacuate Collection Set: 0.1ms
[2020-06-06T20:50:05.700+0530][gc,phases     ] GC(3)   Evacuate Collection Set: 14.6ms
[2020-06-06T20:50:05.700+0530][gc,phases     ] GC(3)   Post Evacuate Collection Set: 1.2ms
[2020-06-06T20:50:05.700+0530][gc,phases     ] GC(3)   Other: 0.4ms
[2020-06-06T20:50:05.700+0530][gc,heap       ] GC(3) Eden regions: 49->0(45)
[2020-06-06T20:50:05.700+0530][gc,heap       ] GC(3) Survivor regions: 2->6(7)
[2020-06-06T20:50:05.700+0530][gc,heap       ] GC(3) Old regions: 9->9
[2020-06-06T20:50:05.700+0530][gc,heap       ] GC(3) Humongous regions: 129->129
[2020-06-06T20:50:05.700+0530][gc,metaspace  ] GC(3) Metaspace: 29857K->29857K(1077248K)
[2020-06-06T20:50:05.700+0530][gc            ] GC(3) Pause Young (Normal) (G1 Evacuation Pause) 186M->141M(1024M) 16.584ms
[2020-06-06T20:50:05.700+0530][gc,cpu        ] GC(3) User=0.10s Sys=0.00s Real=0.01s
[2020-06-06T20:56:03.383+0530][gc,heap,exit  ] Heap
[2020-06-06T20:56:03.383+0530][gc,heap,exit  ]  garbage-first heap   total 1048576K, used 167049K [0x00000000c0000000, 0x0000000100000000)
[2020-06-06T20:56:03.383+0530][gc,heap,exit  ]   region size 1024K, 30 young (30720K), 6 survivors (6144K)
[2020-06-06T20:56:03.383+0530][gc,heap,exit  ]  Metaspace       used 33180K, capacity 34677K, committed 34812K, reserved 1079296K
[2020-06-06T20:56:03.383+0530][gc,heap,exit  ]   class space    used 4082K, capacity 4783K, committed 4860K, reserved 1048576K
