[2020-06-06T20:43:46.046+0530][gc,heap] Heap region size: 1M
[2020-06-06T20:43:46.087+0530][gc     ] Using G1
[2020-06-06T20:43:46.087+0530][gc,heap,coops] Heap address: 0x00000000c0000000, size: 1024 MB, Compressed Oops mode: 32-bit
[2020-06-06T20:43:46.088+0530][gc,cds       ] Mark closed archive regions in map: [0x00000000fff00000, 0x00000000fff69ff8]
[2020-06-06T20:43:46.088+0530][gc,cds       ] Mark open archive regions in map: [0x00000000ffe00000, 0x00000000ffe46ff8]
[2020-06-06T20:43:50.084+0530][gc,start     ] GC(0) Pause Young (Normal) (G1 Evacuation Pause)
[2020-06-06T20:43:50.098+0530][gc,task      ] GC(0) Using 8 workers of 8 for evacuation
[2020-06-06T20:43:50.147+0530][gc,mmu       ] GC(0) MMU target violated: 21.0ms (20.0ms/21.0ms)
[2020-06-06T20:43:50.147+0530][gc,phases    ] GC(0)   Pre Evacuate Collection Set: 0.0ms
[2020-06-06T20:43:50.147+0530][gc,phases    ] GC(0)   Evacuate Collection Set: 47.9ms
[2020-06-06T20:43:50.147+0530][gc,phases    ] GC(0)   Post Evacuate Collection Set: 1.4ms
[2020-06-06T20:43:50.147+0530][gc,phases    ] GC(0)   Other: 13.6ms
[2020-06-06T20:43:50.147+0530][gc,heap      ] GC(0) Eden regions: 51->0(44)
[2020-06-06T20:43:50.147+0530][gc,heap      ] GC(0) Survivor regions: 0->7(7)
[2020-06-06T20:43:50.147+0530][gc,heap      ] GC(0) Old regions: 2->2
[2020-06-06T20:43:50.147+0530][gc,heap      ] GC(0) Humongous regions: 0->0
[2020-06-06T20:43:50.147+0530][gc,metaspace ] GC(0) Metaspace: 15335K->15335K(1062912K)
[2020-06-06T20:43:50.148+0530][gc           ] GC(0) Pause Young (Normal) (G1 Evacuation Pause) 51M->7M(1024M) 63.099ms
[2020-06-06T20:43:50.148+0530][gc,cpu       ] GC(0) User=0.26s Sys=0.01s Real=0.06s
[2020-06-06T20:43:51.395+0530][gc,start     ] GC(1) Pause Young (Concurrent Start) (GCLocker Initiated GC)
[2020-06-06T20:43:51.395+0530][gc,task      ] GC(1) Using 8 workers of 8 for evacuation
[2020-06-06T20:43:51.442+0530][gc,mmu       ] GC(1) MMU target violated: 21.0ms (20.0ms/21.0ms)
[2020-06-06T20:43:51.442+0530][gc,phases    ] GC(1)   Pre Evacuate Collection Set: 0.1ms
[2020-06-06T20:43:51.442+0530][gc,phases    ] GC(1)   Evacuate Collection Set: 45.0ms
[2020-06-06T20:43:51.442+0530][gc,phases    ] GC(1)   Post Evacuate Collection Set: 1.2ms
[2020-06-06T20:43:51.442+0530][gc,phases    ] GC(1)   Other: 0.7ms
[2020-06-06T20:43:51.442+0530][gc,heap      ] GC(1) Eden regions: 22->0(49)
[2020-06-06T20:43:51.442+0530][gc,heap      ] GC(1) Survivor regions: 7->2(7)
[2020-06-06T20:43:51.442+0530][gc,heap      ] GC(1) Old regions: 2->9
[2020-06-06T20:43:51.442+0530][gc,heap      ] GC(1) Humongous regions: 129->129
[2020-06-06T20:43:51.442+0530][gc,metaspace ] GC(1) Metaspace: 20530K->20530K(1069056K)
[2020-06-06T20:43:51.442+0530][gc           ] GC(1) Pause Young (Concurrent Start) (GCLocker Initiated GC) 158M->137M(1024M) 47.142ms
[2020-06-06T20:43:51.442+0530][gc,cpu       ] GC(1) User=0.16s Sys=0.01s Real=0.04s
[2020-06-06T20:43:51.442+0530][gc           ] GC(2) Concurrent Cycle
[2020-06-06T20:43:51.442+0530][gc,marking   ] GC(2) Concurrent Clear Claimed Marks
[2020-06-06T20:43:51.442+0530][gc,marking   ] GC(2) Concurrent Clear Claimed Marks 0.118ms
[2020-06-06T20:43:51.442+0530][gc,marking   ] GC(2) Concurrent Scan Root Regions
[2020-06-06T20:43:51.444+0530][gc,marking   ] GC(2) Concurrent Scan Root Regions 2.021ms
[2020-06-06T20:43:51.444+0530][gc,marking   ] GC(2) Concurrent Mark (5.413s)
[2020-06-06T20:43:51.444+0530][gc,marking   ] GC(2) Concurrent Mark From Roots
[2020-06-06T20:43:51.444+0530][gc,task      ] GC(2) Using 2 workers of 2 for marking
[2020-06-06T20:43:51.477+0530][gc,marking   ] GC(2) Concurrent Mark From Roots 32.641ms
[2020-06-06T20:43:51.477+0530][gc,marking   ] GC(2) Concurrent Preclean
[2020-06-06T20:43:51.477+0530][gc,marking   ] GC(2) Concurrent Preclean 0.430ms
[2020-06-06T20:43:51.478+0530][gc,marking   ] GC(2) Concurrent Mark (5.413s, 5.446s) 33.202ms
[2020-06-06T20:43:51.478+0530][gc,start     ] GC(2) Pause Remark
[2020-06-06T20:43:51.491+0530][gc,stringtable] GC(2) Cleaned string and symbol table, strings: 4861 processed, 0 removed, symbols: 50234 processed, 42 removed
[2020-06-06T20:43:51.492+0530][gc            ] GC(2) Pause Remark 138M->138M(1024M) 14.189ms
[2020-06-06T20:43:51.492+0530][gc,cpu        ] GC(2) User=0.06s Sys=0.00s Real=0.02s
[2020-06-06T20:43:51.492+0530][gc,marking    ] GC(2) Concurrent Rebuild Remembered Sets
[2020-06-06T20:43:51.502+0530][gc,marking    ] GC(2) Concurrent Rebuild Remembered Sets 9.877ms
[2020-06-06T20:43:51.502+0530][gc,start      ] GC(2) Pause Cleanup
[2020-06-06T20:43:51.503+0530][gc            ] GC(2) Pause Cleanup 139M->139M(1024M) 0.701ms
[2020-06-06T20:43:51.503+0530][gc,cpu        ] GC(2) User=0.00s Sys=0.00s Real=0.00s
[2020-06-06T20:43:51.503+0530][gc,marking    ] GC(2) Concurrent Cleanup for Next Mark
[2020-06-06T20:43:51.517+0530][gc,marking    ] GC(2) Concurrent Cleanup for Next Mark 13.377ms
[2020-06-06T20:43:51.517+0530][gc            ] GC(2) Concurrent Cycle 74.803ms
[2020-06-06T20:43:53.496+0530][gc,start      ] GC(3) Pause Young (Normal) (G1 Evacuation Pause)
[2020-06-06T20:43:53.496+0530][gc,task       ] GC(3) Using 8 workers of 8 for evacuation
[2020-06-06T20:43:53.513+0530][gc,phases     ] GC(3)   Pre Evacuate Collection Set: 0.0ms
[2020-06-06T20:43:53.514+0530][gc,phases     ] GC(3)   Evacuate Collection Set: 15.9ms
[2020-06-06T20:43:53.514+0530][gc,phases     ] GC(3)   Post Evacuate Collection Set: 1.1ms
[2020-06-06T20:43:53.514+0530][gc,phases     ] GC(3)   Other: 0.5ms
[2020-06-06T20:43:53.514+0530][gc,heap       ] GC(3) Eden regions: 49->0(45)
[2020-06-06T20:43:53.514+0530][gc,heap       ] GC(3) Survivor regions: 2->6(7)
[2020-06-06T20:43:53.514+0530][gc,heap       ] GC(3) Old regions: 9->9
[2020-06-06T20:43:53.514+0530][gc,heap       ] GC(3) Humongous regions: 129->129
[2020-06-06T20:43:53.514+0530][gc,metaspace  ] GC(3) Metaspace: 29864K->29864K(1077248K)
[2020-06-06T20:43:53.514+0530][gc            ] GC(3) Pause Young (Normal) (G1 Evacuation Pause) 186M->141M(1024M) 17.815ms
[2020-06-06T20:43:53.514+0530][gc,cpu        ] GC(3) User=0.12s Sys=0.00s Real=0.02s
[2020-06-06T20:48:06.532+0530][gc,heap,exit  ] Heap
[2020-06-06T20:48:06.533+0530][gc,heap,exit  ]  garbage-first heap   total 1048576K, used 157842K [0x00000000c0000000, 0x0000000100000000)
[2020-06-06T20:48:06.533+0530][gc,heap,exit  ]   region size 1024K, 21 young (21504K), 6 survivors (6144K)
[2020-06-06T20:48:06.533+0530][gc,heap,exit  ]  Metaspace       used 32353K, capacity 33722K, committed 34044K, reserved 1079296K
[2020-06-06T20:48:06.533+0530][gc,heap,exit  ]   class space    used 3911K, capacity 4542K, committed 4604K, reserved 1048576K
