[2020-06-06T20:49:59.248+0530][gc,heap] Heap region size: 1M
[2020-06-06T20:49:59.290+0530][gc     ] Using G1
[2020-06-06T20:49:59.290+0530][gc,heap,coops] Heap address: 0x00000000c0000000, size: 1024 MB, Compressed Oops mode: 32-bit
[2020-06-06T20:49:59.291+0530][gc,cds       ] Mark closed archive regions in map: [0x00000000fff00000, 0x00000000fff69ff8]
[2020-06-06T20:49:59.291+0530][gc,cds       ] Mark open archive regions in map: [0x00000000ffe00000, 0x00000000ffe46ff8]
[2020-06-06T20:50:03.048+0530][gc,start     ] GC(0) Pause Young (Normal) (G1 Evacuation Pause)
[2020-06-06T20:50:03.050+0530][gc,task      ] GC(0) Using 8 workers of 8 for evacuation
[2020-06-06T20:50:03.092+0530][gc,mmu       ] GC(0) MMU target violated: 21.0ms (20.0ms/21.0ms)
[2020-06-06T20:50:03.092+0530][gc,phases    ] GC(0)   Pre Evacuate Collection Set: 0.1ms
[2020-06-06T20:50:03.092+0530][gc,phases    ] GC(0)   Evacuate Collection Set: 39.9ms
[2020-06-06T20:50:03.092+0530][gc,phases    ] GC(0)   Post Evacuate Collection Set: 1.8ms
[2020-06-06T20:50:03.093+0530][gc,phases    ] GC(0)   Other: 2.9ms
[2020-06-06T20:50:03.093+0530][gc,heap      ] GC(0) Eden regions: 51->0(44)
[2020-06-06T20:50:03.093+0530][gc,heap      ] GC(0) Survivor regions: 0->7(7)
[2020-06-06T20:50:03.093+0530][gc,heap      ] GC(0) Old regions: 2->2
[2020-06-06T20:50:03.093+0530][gc,heap      ] GC(0) Humongous regions: 0->0
[2020-06-06T20:50:03.093+0530][gc,metaspace ] GC(0) Metaspace: 15689K->15689K(1062912K)
[2020-06-06T20:50:03.093+0530][gc           ] GC(0) Pause Young (Normal) (G1 Evacuation Pause) 51M->7M(1024M) 45.004ms
[2020-06-06T20:50:03.093+0530][gc,cpu       ] GC(0) User=0.18s Sys=0.02s Real=0.05s
[2020-06-06T20:50:05.931+0530][gc,heap,exit ] Heap
[2020-06-06T20:50:05.931+0530][gc,heap,exit ]  garbage-first heap   total 1048576K, used 24794K [0x00000000c0000000, 0x0000000100000000)
[2020-06-06T20:50:05.931+0530][gc,heap,exit ]   region size 1024K, 25 young (25600K), 7 survivors (7168K)
[2020-06-06T20:50:05.931+0530][gc,heap,exit ]  Metaspace       used 20075K, capacity 20695K, committed 20992K, reserved 1067008K
[2020-06-06T20:50:05.931+0530][gc,heap,exit ]   class space    used 2480K, capacity 2718K, committed 2816K, reserved 1048576K
