[2020-06-06T20:55:57.941+0530][gc,heap] Heap region size: 1M
[2020-06-06T20:55:57.982+0530][gc     ] Using G1
[2020-06-06T20:55:57.982+0530][gc,heap,coops] Heap address: 0x00000000c0000000, size: 1024 MB, Compressed Oops mode: 32-bit
[2020-06-06T20:55:57.984+0530][gc,cds       ] Mark closed archive regions in map: [0x00000000fff00000, 0x00000000fff69ff8]
[2020-06-06T20:55:57.984+0530][gc,cds       ] Mark open archive regions in map: [0x00000000ffe00000, 0x00000000ffe46ff8]
[2020-06-06T20:56:02.041+0530][gc,start     ] GC(0) Pause Young (Normal) (G1 Evacuation Pause)
[2020-06-06T20:56:02.043+0530][gc,task      ] GC(0) Using 8 workers of 8 for evacuation
[2020-06-06T20:56:02.084+0530][gc,mmu       ] GC(0) MMU target violated: 21.0ms (20.0ms/21.0ms)
[2020-06-06T20:56:02.085+0530][gc,phases    ] GC(0)   Pre Evacuate Collection Set: 0.1ms
[2020-06-06T20:56:02.085+0530][gc,phases    ] GC(0)   Evacuate Collection Set: 39.7ms
[2020-06-06T20:56:02.085+0530][gc,phases    ] GC(0)   Post Evacuate Collection Set: 1.3ms
[2020-06-06T20:56:02.085+0530][gc,phases    ] GC(0)   Other: 2.4ms
[2020-06-06T20:56:02.085+0530][gc,heap      ] GC(0) Eden regions: 51->0(44)
[2020-06-06T20:56:02.085+0530][gc,heap      ] GC(0) Survivor regions: 0->7(7)
[2020-06-06T20:56:02.085+0530][gc,heap      ] GC(0) Old regions: 2->2
[2020-06-06T20:56:02.085+0530][gc,heap      ] GC(0) Humongous regions: 0->0
[2020-06-06T20:56:02.085+0530][gc,metaspace ] GC(0) Metaspace: 15337K->15337K(1062912K)
[2020-06-06T20:56:02.085+0530][gc           ] GC(0) Pause Young (Normal) (G1 Evacuation Pause) 51M->7M(1024M) 43.580ms
[2020-06-06T20:56:02.085+0530][gc,cpu       ] GC(0) User=0.17s Sys=0.02s Real=0.05s
[2020-06-06T20:56:03.354+0530][gc,start     ] GC(1) Pause Young (Concurrent Start) (Metadata GC Threshold)
[2020-06-06T20:56:03.354+0530][gc,task      ] GC(1) Using 8 workers of 8 for evacuation
[2020-06-06T20:56:03.400+0530][gc,mmu       ] GC(1) MMU target violated: 21.0ms (20.0ms/21.0ms)
[2020-06-06T20:56:03.401+0530][gc,phases    ] GC(1)   Pre Evacuate Collection Set: 0.1ms
[2020-06-06T20:56:03.401+0530][gc,phases    ] GC(1)   Evacuate Collection Set: 44.2ms
[2020-06-06T20:56:03.401+0530][gc,phases    ] GC(1)   Post Evacuate Collection Set: 1.3ms
[2020-06-06T20:56:03.401+0530][gc,phases    ] GC(1)   Other: 1.1ms
[2020-06-06T20:56:03.401+0530][gc,heap      ] GC(1) Eden regions: 22->0(49)
[2020-06-06T20:56:03.401+0530][gc,heap      ] GC(1) Survivor regions: 7->2(7)
[2020-06-06T20:56:03.401+0530][gc,heap      ] GC(1) Old regions: 2->9
[2020-06-06T20:56:03.401+0530][gc,heap      ] GC(1) Humongous regions: 129->129
[2020-06-06T20:56:03.401+0530][gc,metaspace ] GC(1) Metaspace: 20523K->20523K(1067008K)
[2020-06-06T20:56:03.401+0530][gc           ] GC(1) Pause Young (Concurrent Start) (Metadata GC Threshold) 157M->137M(1024M) 47.080ms
[2020-06-06T20:56:03.401+0530][gc,cpu       ] GC(1) User=0.14s Sys=0.02s Real=0.04s
[2020-06-06T20:56:03.401+0530][gc           ] GC(2) Concurrent Cycle
[2020-06-06T20:56:03.401+0530][gc,marking   ] GC(2) Concurrent Clear Claimed Marks
[2020-06-06T20:56:03.401+0530][gc,marking   ] GC(2) Concurrent Clear Claimed Marks 0.138ms
[2020-06-06T20:56:03.401+0530][gc,marking   ] GC(2) Concurrent Scan Root Regions
[2020-06-06T20:56:03.404+0530][gc,marking   ] GC(2) Concurrent Scan Root Regions 2.553ms
[2020-06-06T20:56:03.404+0530][gc,marking   ] GC(2) Concurrent Mark (5.476s)
[2020-06-06T20:56:03.404+0530][gc,marking   ] GC(2) Concurrent Mark From Roots
[2020-06-06T20:56:03.404+0530][gc,task      ] GC(2) Using 2 workers of 2 for marking
[2020-06-06T20:56:03.443+0530][gc,marking   ] GC(2) Concurrent Mark From Roots 38.759ms
[2020-06-06T20:56:03.443+0530][gc,marking   ] GC(2) Concurrent Preclean
[2020-06-06T20:56:03.444+0530][gc,marking   ] GC(2) Concurrent Preclean 0.705ms
[2020-06-06T20:56:03.444+0530][gc,marking   ] GC(2) Concurrent Mark (5.476s, 5.516s) 39.679ms
[2020-06-06T20:56:03.444+0530][gc,start     ] GC(2) Pause Remark
[2020-06-06T20:56:03.450+0530][gc,stringtable] GC(2) Cleaned string and symbol table, strings: 4866 processed, 0 removed, symbols: 50534 processed, 41 removed
[2020-06-06T20:56:03.450+0530][gc            ] GC(2) Pause Remark 139M->139M(1024M) 6.176ms
[2020-06-06T20:56:03.451+0530][gc,cpu        ] GC(2) User=0.02s Sys=0.00s Real=0.01s
[2020-06-06T20:56:03.451+0530][gc,marking    ] GC(2) Concurrent Rebuild Remembered Sets
[2020-06-06T20:56:03.464+0530][gc,marking    ] GC(2) Concurrent Rebuild Remembered Sets 13.204ms
[2020-06-06T20:56:03.465+0530][gc,start      ] GC(2) Pause Cleanup
[2020-06-06T20:56:03.466+0530][gc            ] GC(2) Pause Cleanup 139M->139M(1024M) 0.951ms
[2020-06-06T20:56:03.466+0530][gc,cpu        ] GC(2) User=0.00s Sys=0.00s Real=0.00s
[2020-06-06T20:56:03.466+0530][gc,marking    ] GC(2) Concurrent Cleanup for Next Mark
[2020-06-06T20:56:03.484+0530][gc,marking    ] GC(2) Concurrent Cleanup for Next Mark 17.672ms
[2020-06-06T20:56:03.484+0530][gc            ] GC(2) Concurrent Cycle 82.965ms
[2020-06-06T20:56:05.496+0530][gc,start      ] GC(3) Pause Young (Normal) (G1 Evacuation Pause)
[2020-06-06T20:56:05.496+0530][gc,task       ] GC(3) Using 8 workers of 8 for evacuation
[2020-06-06T20:56:05.513+0530][gc,phases     ] GC(3)   Pre Evacuate Collection Set: 0.1ms
[2020-06-06T20:56:05.513+0530][gc,phases     ] GC(3)   Evacuate Collection Set: 15.5ms
[2020-06-06T20:56:05.513+0530][gc,phases     ] GC(3)   Post Evacuate Collection Set: 1.1ms
[2020-06-06T20:56:05.513+0530][gc,phases     ] GC(3)   Other: 0.4ms
[2020-06-06T20:56:05.513+0530][gc,heap       ] GC(3) Eden regions: 49->0(46)
[2020-06-06T20:56:05.513+0530][gc,heap       ] GC(3) Survivor regions: 2->5(7)
[2020-06-06T20:56:05.513+0530][gc,heap       ] GC(3) Old regions: 9->9
[2020-06-06T20:56:05.513+0530][gc,heap       ] GC(3) Humongous regions: 129->129
[2020-06-06T20:56:05.513+0530][gc,metaspace  ] GC(3) Metaspace: 29891K->29891K(1077248K)
[2020-06-06T20:56:05.513+0530][gc            ] GC(3) Pause Young (Normal) (G1 Evacuation Pause) 186M->140M(1024M) 17.288ms
[2020-06-06T20:56:05.513+0530][gc,cpu        ] GC(3) User=0.10s Sys=0.01s Real=0.02s
[2020-06-06T21:32:05.125+0530][gc,start      ] GC(4) Pause Young (Normal) (G1 Evacuation Pause)
[2020-06-06T21:32:05.126+0530][gc,task       ] GC(4) Using 8 workers of 8 for evacuation
[2020-06-06T21:32:05.139+0530][gc,phases     ] GC(4)   Pre Evacuate Collection Set: 0.1ms
[2020-06-06T21:32:05.140+0530][gc,phases     ] GC(4)   Evacuate Collection Set: 12.1ms
[2020-06-06T21:32:05.140+0530][gc,phases     ] GC(4)   Post Evacuate Collection Set: 1.3ms
[2020-06-06T21:32:05.140+0530][gc,phases     ] GC(4)   Other: 0.6ms
[2020-06-06T21:32:05.140+0530][gc,heap       ] GC(4) Eden regions: 46->0(50)
[2020-06-06T21:32:05.140+0530][gc,heap       ] GC(4) Survivor regions: 5->1(7)
[2020-06-06T21:32:05.140+0530][gc,heap       ] GC(4) Old regions: 9->14
[2020-06-06T21:32:05.140+0530][gc,heap       ] GC(4) Humongous regions: 129->129
[2020-06-06T21:32:05.140+0530][gc,metaspace  ] GC(4) Metaspace: 32612K->32612K(1079296K)
[2020-06-06T21:32:05.140+0530][gc            ] GC(4) Pause Young (Normal) (G1 Evacuation Pause) 186M->141M(1024M) 14.302ms
[2020-06-06T21:32:05.140+0530][gc,cpu        ] GC(4) User=0.07s Sys=0.02s Real=0.01s
[2020-06-06T22:23:33.551+0530][gc,start      ] GC(5) Pause Young (Normal) (G1 Evacuation Pause)
[2020-06-06T22:23:33.551+0530][gc,task       ] GC(5) Using 8 workers of 8 for evacuation
[2020-06-06T22:23:33.560+0530][gc,phases     ] GC(5)   Pre Evacuate Collection Set: 0.1ms
[2020-06-06T22:23:33.560+0530][gc,phases     ] GC(5)   Evacuate Collection Set: 5.4ms
[2020-06-06T22:23:33.560+0530][gc,phases     ] GC(5)   Post Evacuate Collection Set: 3.0ms
[2020-06-06T22:23:33.560+0530][gc,phases     ] GC(5)   Other: 0.5ms
[2020-06-06T22:23:33.560+0530][gc,heap       ] GC(5) Eden regions: 50->0(50)
[2020-06-06T22:23:33.560+0530][gc,heap       ] GC(5) Survivor regions: 1->1(7)
[2020-06-06T22:23:33.560+0530][gc,heap       ] GC(5) Old regions: 14->14
[2020-06-06T22:23:33.560+0530][gc,heap       ] GC(5) Humongous regions: 129->129
[2020-06-06T22:23:33.560+0530][gc,metaspace  ] GC(5) Metaspace: 32823K->32823K(1079296K)
[2020-06-06T22:23:33.560+0530][gc            ] GC(5) Pause Young (Normal) (G1 Evacuation Pause) 191M->141M(1024M) 9.463ms
[2020-06-06T22:23:33.560+0530][gc,cpu        ] GC(5) User=0.03s Sys=0.00s Real=0.00s
[2020-06-06T23:15:12.502+0530][gc,start      ] GC(6) Pause Young (Normal) (G1 Evacuation Pause)
[2020-06-06T23:15:12.502+0530][gc,task       ] GC(6) Using 8 workers of 8 for evacuation
[2020-06-06T23:15:12.507+0530][gc,phases     ] GC(6)   Pre Evacuate Collection Set: 0.1ms
[2020-06-06T23:15:12.507+0530][gc,phases     ] GC(6)   Evacuate Collection Set: 3.5ms
[2020-06-06T23:15:12.507+0530][gc,phases     ] GC(6)   Post Evacuate Collection Set: 1.4ms
[2020-06-06T23:15:12.507+0530][gc,phases     ] GC(6)   Other: 0.4ms
[2020-06-06T23:15:12.507+0530][gc,heap       ] GC(6) Eden regions: 50->0(50)
[2020-06-06T23:15:12.507+0530][gc,heap       ] GC(6) Survivor regions: 1->1(7)
[2020-06-06T23:15:12.507+0530][gc,heap       ] GC(6) Old regions: 14->14
[2020-06-06T23:15:12.507+0530][gc,heap       ] GC(6) Humongous regions: 129->129
[2020-06-06T23:15:12.507+0530][gc,metaspace  ] GC(6) Metaspace: 32965K->32965K(1079296K)
[2020-06-06T23:15:12.507+0530][gc            ] GC(6) Pause Young (Normal) (G1 Evacuation Pause) 191M->141M(1024M) 5.677ms
[2020-06-06T23:15:12.507+0530][gc,cpu        ] GC(6) User=0.03s Sys=0.00s Real=0.01s
[2020-06-07T00:08:23.550+0530][gc,start      ] GC(7) Pause Young (Normal) (G1 Evacuation Pause)
[2020-06-07T00:08:23.550+0530][gc,task       ] GC(7) Using 8 workers of 8 for evacuation
[2020-06-07T00:08:23.555+0530][gc,phases     ] GC(7)   Pre Evacuate Collection Set: 0.1ms
[2020-06-07T00:08:23.555+0530][gc,phases     ] GC(7)   Evacuate Collection Set: 3.0ms
[2020-06-07T00:08:23.555+0530][gc,phases     ] GC(7)   Post Evacuate Collection Set: 1.5ms
[2020-06-07T00:08:23.555+0530][gc,phases     ] GC(7)   Other: 0.6ms
[2020-06-07T00:08:23.555+0530][gc,heap       ] GC(7) Eden regions: 50->0(50)
[2020-06-07T00:08:23.555+0530][gc,heap       ] GC(7) Survivor regions: 1->1(7)
[2020-06-07T00:08:23.555+0530][gc,heap       ] GC(7) Old regions: 14->14
[2020-06-07T00:08:23.555+0530][gc,heap       ] GC(7) Humongous regions: 129->129
[2020-06-07T00:08:23.555+0530][gc,metaspace  ] GC(7) Metaspace: 33011K->33011K(1079296K)
[2020-06-07T00:08:23.555+0530][gc            ] GC(7) Pause Young (Normal) (G1 Evacuation Pause) 191M->141M(1024M) 5.417ms
[2020-06-07T00:08:23.555+0530][gc,cpu        ] GC(7) User=0.02s Sys=0.00s Real=0.01s
[2020-06-07T01:02:53.960+0530][gc,start      ] GC(8) Pause Young (Normal) (G1 Evacuation Pause)
[2020-06-07T01:02:53.960+0530][gc,task       ] GC(8) Using 8 workers of 8 for evacuation
[2020-06-07T01:02:53.964+0530][gc,phases     ] GC(8)   Pre Evacuate Collection Set: 0.1ms
[2020-06-07T01:02:53.964+0530][gc,phases     ] GC(8)   Evacuate Collection Set: 2.6ms
[2020-06-07T01:02:53.964+0530][gc,phases     ] GC(8)   Post Evacuate Collection Set: 1.2ms
[2020-06-07T01:02:53.964+0530][gc,phases     ] GC(8)   Other: 0.4ms
[2020-06-07T01:02:53.964+0530][gc,heap       ] GC(8) Eden regions: 50->0(52)
[2020-06-07T01:02:53.964+0530][gc,heap       ] GC(8) Survivor regions: 1->1(7)
[2020-06-07T01:02:53.964+0530][gc,heap       ] GC(8) Old regions: 14->14
[2020-06-07T01:02:53.964+0530][gc,heap       ] GC(8) Humongous regions: 129->129
[2020-06-07T01:02:53.964+0530][gc,metaspace  ] GC(8) Metaspace: 33025K->33025K(1079296K)
[2020-06-07T01:02:53.964+0530][gc            ] GC(8) Pause Young (Normal) (G1 Evacuation Pause) 191M->141M(1024M) 4.561ms
[2020-06-07T01:02:53.965+0530][gc,cpu        ] GC(8) User=0.02s Sys=0.00s Real=0.01s
[2020-06-07T07:25:06.586+0530][gc,start      ] GC(9) Pause Young (Normal) (G1 Evacuation Pause)
[2020-06-07T07:25:06.586+0530][gc,task       ] GC(9) Using 8 workers of 8 for evacuation
[2020-06-07T07:25:06.590+0530][gc,phases     ] GC(9)   Pre Evacuate Collection Set: 0.1ms
[2020-06-07T07:25:06.590+0530][gc,phases     ] GC(9)   Evacuate Collection Set: 2.8ms
[2020-06-07T07:25:06.590+0530][gc,phases     ] GC(9)   Post Evacuate Collection Set: 1.4ms
[2020-06-07T07:25:06.591+0530][gc,phases     ] GC(9)   Other: 0.4ms
[2020-06-07T07:25:06.591+0530][gc,heap       ] GC(9) Eden regions: 52->0(54)
[2020-06-07T07:25:06.591+0530][gc,heap       ] GC(9) Survivor regions: 1->1(7)
[2020-06-07T07:25:06.591+0530][gc,heap       ] GC(9) Old regions: 14->14
[2020-06-07T07:25:06.591+0530][gc,heap       ] GC(9) Humongous regions: 129->129
[2020-06-07T07:25:06.591+0530][gc,metaspace  ] GC(9) Metaspace: 33055K->33055K(1079296K)
[2020-06-07T07:25:06.591+0530][gc            ] GC(9) Pause Young (Normal) (G1 Evacuation Pause) 193M->141M(1024M) 4.984ms
[2020-06-07T07:25:06.591+0530][gc,cpu        ] GC(9) User=0.03s Sys=0.00s Real=0.01s
[2020-06-07T08:24:20.765+0530][gc,start      ] GC(10) Pause Young (Normal) (G1 Evacuation Pause)
[2020-06-07T08:24:20.765+0530][gc,task       ] GC(10) Using 8 workers of 8 for evacuation
[2020-06-07T08:24:20.771+0530][gc,phases     ] GC(10)   Pre Evacuate Collection Set: 0.1ms
[2020-06-07T08:24:20.771+0530][gc,phases     ] GC(10)   Evacuate Collection Set: 4.0ms
[2020-06-07T08:24:20.771+0530][gc,phases     ] GC(10)   Post Evacuate Collection Set: 1.7ms
[2020-06-07T08:24:20.771+0530][gc,phases     ] GC(10)   Other: 0.6ms
[2020-06-07T08:24:20.771+0530][gc,heap       ] GC(10) Eden regions: 54->0(57)
[2020-06-07T08:24:20.771+0530][gc,heap       ] GC(10) Survivor regions: 1->1(7)
[2020-06-07T08:24:20.771+0530][gc,heap       ] GC(10) Old regions: 14->14
[2020-06-07T08:24:20.771+0530][gc,heap       ] GC(10) Humongous regions: 129->129
[2020-06-07T08:24:20.771+0530][gc,metaspace  ] GC(10) Metaspace: 33059K->33059K(1079296K)
[2020-06-07T08:24:20.771+0530][gc            ] GC(10) Pause Young (Normal) (G1 Evacuation Pause) 195M->141M(1024M) 6.722ms
[2020-06-07T08:24:20.771+0530][gc,cpu        ] GC(10) User=0.02s Sys=0.00s Real=0.01s
[2020-06-07T09:26:41.586+0530][gc,start      ] GC(11) Pause Young (Normal) (G1 Evacuation Pause)
[2020-06-07T09:26:41.586+0530][gc,task       ] GC(11) Using 8 workers of 8 for evacuation
[2020-06-07T09:26:41.591+0530][gc,phases     ] GC(11)   Pre Evacuate Collection Set: 0.1ms
[2020-06-07T09:26:41.591+0530][gc,phases     ] GC(11)   Evacuate Collection Set: 3.3ms
[2020-06-07T09:26:41.592+0530][gc,phases     ] GC(11)   Post Evacuate Collection Set: 1.4ms
[2020-06-07T09:26:41.592+0530][gc,phases     ] GC(11)   Other: 0.5ms
[2020-06-07T09:26:41.592+0530][gc,heap       ] GC(11) Eden regions: 57->0(61)
[2020-06-07T09:26:41.592+0530][gc,heap       ] GC(11) Survivor regions: 1->1(8)
[2020-06-07T09:26:41.592+0530][gc,heap       ] GC(11) Old regions: 14->14
[2020-06-07T09:26:41.592+0530][gc,heap       ] GC(11) Humongous regions: 129->129
[2020-06-07T09:26:41.592+0530][gc,metaspace  ] GC(11) Metaspace: 33066K->33066K(1079296K)
[2020-06-07T09:26:41.592+0530][gc            ] GC(11) Pause Young (Normal) (G1 Evacuation Pause) 198M->141M(1024M) 5.474ms
[2020-06-07T09:26:41.592+0530][gc,cpu        ] GC(11) User=0.03s Sys=0.00s Real=0.01s
[2020-06-07T10:33:30.767+0530][gc,start      ] GC(12) Pause Young (Normal) (G1 Evacuation Pause)
[2020-06-07T10:33:30.767+0530][gc,task       ] GC(12) Using 8 workers of 8 for evacuation
[2020-06-07T10:33:30.771+0530][gc,phases     ] GC(12)   Pre Evacuate Collection Set: 0.1ms
[2020-06-07T10:33:30.772+0530][gc,phases     ] GC(12)   Evacuate Collection Set: 2.8ms
[2020-06-07T10:33:30.772+0530][gc,phases     ] GC(12)   Post Evacuate Collection Set: 1.4ms
[2020-06-07T10:33:30.772+0530][gc,phases     ] GC(12)   Other: 0.4ms
[2020-06-07T10:33:30.772+0530][gc,heap       ] GC(12) Eden regions: 61->0(66)
[2020-06-07T10:33:30.772+0530][gc,heap       ] GC(12) Survivor regions: 1->1(8)
[2020-06-07T10:33:30.772+0530][gc,heap       ] GC(12) Old regions: 14->14
[2020-06-07T10:33:30.772+0530][gc,heap       ] GC(12) Humongous regions: 129->129
[2020-06-07T10:33:30.772+0530][gc,metaspace  ] GC(12) Metaspace: 33073K->33073K(1079296K)
[2020-06-07T10:33:30.772+0530][gc            ] GC(12) Pause Young (Normal) (G1 Evacuation Pause) 202M->141M(1024M) 4.986ms
[2020-06-07T10:33:30.772+0530][gc,cpu        ] GC(12) User=0.02s Sys=0.00s Real=0.01s
[2020-06-07T11:45:54.996+0530][gc,start      ] GC(13) Pause Young (Normal) (G1 Evacuation Pause)
[2020-06-07T11:45:54.996+0530][gc,task       ] GC(13) Using 8 workers of 8 for evacuation
[2020-06-07T11:45:55.001+0530][gc,phases     ] GC(13)   Pre Evacuate Collection Set: 0.1ms
[2020-06-07T11:45:55.001+0530][gc,phases     ] GC(13)   Evacuate Collection Set: 3.0ms
[2020-06-07T11:45:55.001+0530][gc,phases     ] GC(13)   Post Evacuate Collection Set: 1.5ms
[2020-06-07T11:45:55.001+0530][gc,phases     ] GC(13)   Other: 0.5ms
[2020-06-07T11:45:55.001+0530][gc,heap       ] GC(13) Eden regions: 66->0(72)
[2020-06-07T11:45:55.001+0530][gc,heap       ] GC(13) Survivor regions: 1->1(9)
[2020-06-07T11:45:55.001+0530][gc,heap       ] GC(13) Old regions: 14->14
[2020-06-07T11:45:55.001+0530][gc,heap       ] GC(13) Humongous regions: 129->129
[2020-06-07T11:45:55.001+0530][gc,metaspace  ] GC(13) Metaspace: 33082K->33082K(1079296K)
[2020-06-07T11:45:55.001+0530][gc            ] GC(13) Pause Young (Normal) (G1 Evacuation Pause) 207M->141M(1024M) 5.259ms
[2020-06-07T11:45:55.001+0530][gc,cpu        ] GC(13) User=0.03s Sys=0.00s Real=0.01s
[2020-06-07T13:04:56.159+0530][gc,start      ] GC(14) Pause Young (Normal) (G1 Evacuation Pause)
[2020-06-07T13:04:56.160+0530][gc,task       ] GC(14) Using 8 workers of 8 for evacuation
[2020-06-07T13:04:56.164+0530][gc,phases     ] GC(14)   Pre Evacuate Collection Set: 0.1ms
[2020-06-07T13:04:56.164+0530][gc,phases     ] GC(14)   Evacuate Collection Set: 3.3ms
[2020-06-07T13:04:56.164+0530][gc,phases     ] GC(14)   Post Evacuate Collection Set: 1.0ms
[2020-06-07T13:04:56.164+0530][gc,phases     ] GC(14)   Other: 0.4ms
[2020-06-07T13:04:56.164+0530][gc,heap       ] GC(14) Eden regions: 72->0(79)
[2020-06-07T13:04:56.164+0530][gc,heap       ] GC(14) Survivor regions: 1->1(10)
[2020-06-07T13:04:56.164+0530][gc,heap       ] GC(14) Old regions: 14->14
[2020-06-07T13:04:56.164+0530][gc,heap       ] GC(14) Humongous regions: 129->129
[2020-06-07T13:04:56.164+0530][gc,metaspace  ] GC(14) Metaspace: 33088K->33088K(1079296K)
[2020-06-07T13:04:56.164+0530][gc            ] GC(14) Pause Young (Normal) (G1 Evacuation Pause) 213M->141M(1024M) 5.043ms
[2020-06-07T13:04:56.165+0530][gc,cpu        ] GC(14) User=0.03s Sys=0.00s Real=0.00s
[2020-06-07T14:31:21.738+0530][gc,start      ] GC(15) Pause Young (Normal) (G1 Evacuation Pause)
[2020-06-07T14:31:21.738+0530][gc,task       ] GC(15) Using 8 workers of 8 for evacuation
[2020-06-07T14:31:21.743+0530][gc,phases     ] GC(15)   Pre Evacuate Collection Set: 0.1ms
[2020-06-07T14:31:21.743+0530][gc,phases     ] GC(15)   Evacuate Collection Set: 3.2ms
[2020-06-07T14:31:21.743+0530][gc,phases     ] GC(15)   Post Evacuate Collection Set: 1.5ms
[2020-06-07T14:31:21.743+0530][gc,phases     ] GC(15)   Other: 0.4ms
[2020-06-07T14:31:21.743+0530][gc,heap       ] GC(15) Eden regions: 79->0(86)
[2020-06-07T14:31:21.743+0530][gc,heap       ] GC(15) Survivor regions: 1->1(10)
[2020-06-07T14:31:21.743+0530][gc,heap       ] GC(15) Old regions: 14->14
[2020-06-07T14:31:21.743+0530][gc,heap       ] GC(15) Humongous regions: 129->129
[2020-06-07T14:31:21.743+0530][gc,metaspace  ] GC(15) Metaspace: 33089K->33089K(1079296K)
[2020-06-07T14:31:21.743+0530][gc            ] GC(15) Pause Young (Normal) (G1 Evacuation Pause) 220M->141M(1024M) 5.431ms
[2020-06-07T14:31:21.743+0530][gc,cpu        ] GC(15) User=0.03s Sys=0.00s Real=0.00s
[2020-06-07T16:05:52.231+0530][gc,start      ] GC(16) Pause Young (Normal) (G1 Evacuation Pause)
[2020-06-07T16:05:52.231+0530][gc,task       ] GC(16) Using 8 workers of 8 for evacuation
[2020-06-07T16:05:52.236+0530][gc,phases     ] GC(16)   Pre Evacuate Collection Set: 0.1ms
[2020-06-07T16:05:52.236+0530][gc,phases     ] GC(16)   Evacuate Collection Set: 3.3ms
[2020-06-07T16:05:52.236+0530][gc,phases     ] GC(16)   Post Evacuate Collection Set: 1.1ms
[2020-06-07T16:05:52.236+0530][gc,phases     ] GC(16)   Other: 0.5ms
[2020-06-07T16:05:52.236+0530][gc,heap       ] GC(16) Eden regions: 86->0(94)
[2020-06-07T16:05:52.236+0530][gc,heap       ] GC(16) Survivor regions: 1->1(11)
[2020-06-07T16:05:52.236+0530][gc,heap       ] GC(16) Old regions: 14->14
[2020-06-07T16:05:52.236+0530][gc,heap       ] GC(16) Humongous regions: 129->129
[2020-06-07T16:05:52.236+0530][gc,metaspace  ] GC(16) Metaspace: 33118K->33118K(1079296K)
[2020-06-07T16:05:52.236+0530][gc            ] GC(16) Pause Young (Normal) (G1 Evacuation Pause) 227M->141M(1024M) 5.180ms
[2020-06-07T16:05:52.236+0530][gc,cpu        ] GC(16) User=0.03s Sys=0.00s Real=0.00s
[2020-06-07T17:49:34.841+0530][gc,start      ] GC(17) Pause Young (Normal) (G1 Evacuation Pause)
[2020-06-07T17:49:34.841+0530][gc,task       ] GC(17) Using 8 workers of 8 for evacuation
[2020-06-07T17:49:34.847+0530][gc,phases     ] GC(17)   Pre Evacuate Collection Set: 0.1ms
[2020-06-07T17:49:34.847+0530][gc,phases     ] GC(17)   Evacuate Collection Set: 3.3ms
[2020-06-07T17:49:34.847+0530][gc,phases     ] GC(17)   Post Evacuate Collection Set: 1.4ms
[2020-06-07T17:49:34.847+0530][gc,phases     ] GC(17)   Other: 0.5ms
[2020-06-07T17:49:34.847+0530][gc,heap       ] GC(17) Eden regions: 94->0(102)
[2020-06-07T17:49:34.847+0530][gc,heap       ] GC(17) Survivor regions: 1->1(12)
[2020-06-07T17:49:34.847+0530][gc,heap       ] GC(17) Old regions: 14->14
[2020-06-07T17:49:34.847+0530][gc,heap       ] GC(17) Humongous regions: 129->129
[2020-06-07T17:49:34.847+0530][gc,metaspace  ] GC(17) Metaspace: 33120K->33120K(1079296K)
[2020-06-07T17:49:34.847+0530][gc            ] GC(17) Pause Young (Normal) (G1 Evacuation Pause) 235M->141M(1024M) 5.458ms
[2020-06-07T17:49:34.847+0530][gc,cpu        ] GC(17) User=0.02s Sys=0.01s Real=0.00s
[2020-06-07T19:41:41.183+0530][gc,start      ] GC(18) Pause Young (Normal) (G1 Evacuation Pause)
[2020-06-07T19:41:41.183+0530][gc,task       ] GC(18) Using 8 workers of 8 for evacuation
[2020-06-07T19:41:41.189+0530][gc,phases     ] GC(18)   Pre Evacuate Collection Set: 0.1ms
[2020-06-07T19:41:41.189+0530][gc,phases     ] GC(18)   Evacuate Collection Set: 3.6ms
[2020-06-07T19:41:41.189+0530][gc,phases     ] GC(18)   Post Evacuate Collection Set: 1.5ms
[2020-06-07T19:41:41.189+0530][gc,phases     ] GC(18)   Other: 0.7ms
[2020-06-07T19:41:41.189+0530][gc,heap       ] GC(18) Eden regions: 102->0(110)
[2020-06-07T19:41:41.189+0530][gc,heap       ] GC(18) Survivor regions: 1->1(13)
[2020-06-07T19:41:41.189+0530][gc,heap       ] GC(18) Old regions: 14->14
[2020-06-07T19:41:41.189+0530][gc,heap       ] GC(18) Humongous regions: 129->129
[2020-06-07T19:41:41.189+0530][gc,metaspace  ] GC(18) Metaspace: 33126K->33126K(1079296K)
[2020-06-07T19:41:41.189+0530][gc            ] GC(18) Pause Young (Normal) (G1 Evacuation Pause) 243M->141M(1024M) 6.062ms
[2020-06-07T19:41:41.189+0530][gc,cpu        ] GC(18) User=0.03s Sys=0.00s Real=0.00s
[2020-06-07T21:43:34.331+0530][gc,start      ] GC(19) Pause Young (Normal) (G1 Evacuation Pause)
[2020-06-07T21:43:34.331+0530][gc,task       ] GC(19) Using 8 workers of 8 for evacuation
[2020-06-07T21:43:34.335+0530][gc,phases     ] GC(19)   Pre Evacuate Collection Set: 0.1ms
[2020-06-07T21:43:34.336+0530][gc,phases     ] GC(19)   Evacuate Collection Set: 2.6ms
[2020-06-07T21:43:34.336+0530][gc,phases     ] GC(19)   Post Evacuate Collection Set: 1.1ms
[2020-06-07T21:43:34.336+0530][gc,phases     ] GC(19)   Other: 0.4ms
[2020-06-07T21:43:34.336+0530][gc,heap       ] GC(19) Eden regions: 110->0(119)
[2020-06-07T21:43:34.336+0530][gc,heap       ] GC(19) Survivor regions: 1->1(14)
[2020-06-07T21:43:34.336+0530][gc,heap       ] GC(19) Old regions: 14->14
[2020-06-07T21:43:34.336+0530][gc,heap       ] GC(19) Humongous regions: 129->129
[2020-06-07T21:43:34.336+0530][gc,metaspace  ] GC(19) Metaspace: 33127K->33127K(1079296K)
[2020-06-07T21:43:34.336+0530][gc            ] GC(19) Pause Young (Normal) (G1 Evacuation Pause) 251M->141M(1024M) 4.405ms
[2020-06-07T21:43:34.336+0530][gc,cpu        ] GC(19) User=0.01s Sys=0.01s Real=0.00s
[2020-06-07T23:54:41.762+0530][gc,start      ] GC(20) Pause Young (Normal) (G1 Evacuation Pause)
[2020-06-07T23:54:41.762+0530][gc,task       ] GC(20) Using 8 workers of 8 for evacuation
[2020-06-07T23:54:41.764+0530][gc,phases     ] GC(20)   Pre Evacuate Collection Set: 0.1ms
[2020-06-07T23:54:41.764+0530][gc,phases     ] GC(20)   Evacuate Collection Set: 1.2ms
[2020-06-07T23:54:41.764+0530][gc,phases     ] GC(20)   Post Evacuate Collection Set: 0.8ms
[2020-06-07T23:54:41.765+0530][gc,phases     ] GC(20)   Other: 0.5ms
[2020-06-07T23:54:41.765+0530][gc,heap       ] GC(20) Eden regions: 119->0(250)
[2020-06-07T23:54:41.765+0530][gc,heap       ] GC(20) Survivor regions: 1->1(15)
[2020-06-07T23:54:41.765+0530][gc,heap       ] GC(20) Old regions: 14->14
[2020-06-07T23:54:41.765+0530][gc,heap       ] GC(20) Humongous regions: 129->129
[2020-06-07T23:54:41.765+0530][gc,metaspace  ] GC(20) Metaspace: 33147K->33147K(1079296K)
[2020-06-07T23:54:41.765+0530][gc            ] GC(20) Pause Young (Normal) (G1 Evacuation Pause) 260M->141M(1024M) 2.888ms
[2020-06-07T23:54:41.765+0530][gc,cpu        ] GC(20) User=0.01s Sys=0.00s Real=0.00s
[2020-06-08T04:33:12.518+0530][gc,start      ] GC(21) Pause Young (Normal) (G1 Evacuation Pause)
[2020-06-08T04:33:12.518+0530][gc,task       ] GC(21) Using 8 workers of 8 for evacuation
[2020-06-08T04:33:12.521+0530][gc,phases     ] GC(21)   Pre Evacuate Collection Set: 0.1ms
[2020-06-08T04:33:12.521+0530][gc,phases     ] GC(21)   Evacuate Collection Set: 1.1ms
[2020-06-08T04:33:12.521+0530][gc,phases     ] GC(21)   Post Evacuate Collection Set: 1.1ms
[2020-06-08T04:33:12.521+0530][gc,phases     ] GC(21)   Other: 0.5ms
[2020-06-08T04:33:12.521+0530][gc,heap       ] GC(21) Eden regions: 250->0(553)
[2020-06-08T04:33:12.521+0530][gc,heap       ] GC(21) Survivor regions: 1->1(32)
[2020-06-08T04:33:12.521+0530][gc,heap       ] GC(21) Old regions: 14->14
[2020-06-08T04:33:12.521+0530][gc,heap       ] GC(21) Humongous regions: 129->129
[2020-06-08T04:33:12.521+0530][gc,metaspace  ] GC(21) Metaspace: 33149K->33149K(1079296K)
[2020-06-08T04:33:12.521+0530][gc            ] GC(21) Pause Young (Normal) (G1 Evacuation Pause) 391M->141M(1024M) 3.062ms
[2020-06-08T04:33:12.521+0530][gc,cpu        ] GC(21) User=0.01s Sys=0.00s Real=0.00s
