[2020-06-06T09:56:08.441+0530][gc,heap] Heap region size: 1M
[2020-06-06T09:56:08.460+0530][gc     ] Using G1
[2020-06-06T09:56:08.460+0530][gc,heap,coops] Heap address: 0x00000000e0000000, size: 512 MB, Compressed Oops mode: 32-bit
[2020-06-06T09:56:08.461+0530][gc,cds       ] Mark closed archive regions in map: [0x00000000fff00000, 0x00000000fff69ff8]
[2020-06-06T09:56:08.461+0530][gc,cds       ] Mark open archive regions in map: [0x00000000ffe00000, 0x00000000ffe46ff8]
[2020-06-06T09:56:13.210+0530][gc,start     ] GC(0) Pause Young (Normal) (G1 Evacuation Pause)
[2020-06-06T09:56:13.214+0530][gc,task      ] GC(0) Using 8 workers of 8 for evacuation
[2020-06-06T09:56:13.251+0530][gc,mmu       ] GC(0) MMU target violated: 21.0ms (20.0ms/21.0ms)
[2020-06-06T09:56:13.251+0530][gc,phases    ] GC(0)   Pre Evacuate Collection Set: 0.0ms
[2020-06-06T09:56:13.251+0530][gc,phases    ] GC(0)   Evacuate Collection Set: 35.7ms
[2020-06-06T09:56:13.251+0530][gc,phases    ] GC(0)   Post Evacuate Collection Set: 0.9ms
[2020-06-06T09:56:13.251+0530][gc,phases    ] GC(0)   Other: 4.1ms
[2020-06-06T09:56:13.251+0530][gc,heap      ] GC(0) Eden regions: 25->0(21)
[2020-06-06T09:56:13.251+0530][gc,heap      ] GC(0) Survivor regions: 0->4(4)
[2020-06-06T09:56:13.251+0530][gc,heap      ] GC(0) Old regions: 2->4
[2020-06-06T09:56:13.251+0530][gc,heap      ] GC(0) Humongous regions: 0->0
[2020-06-06T09:56:13.251+0530][gc,metaspace ] GC(0) Metaspace: 7570K->7570K(1056768K)
[2020-06-06T09:56:13.251+0530][gc           ] GC(0) Pause Young (Normal) (G1 Evacuation Pause) 25M->6M(512M) 40.958ms
[2020-06-06T09:56:13.251+0530][gc,cpu       ] GC(0) User=0.22s Sys=0.00s Real=0.05s
[2020-06-06T12:36:32.600+0530][gc,start     ] GC(1) Pause Young (Normal) (G1 Evacuation Pause)
[2020-06-06T12:36:32.600+0530][gc,task      ] GC(1) Using 8 workers of 8 for evacuation
[2020-06-06T12:36:32.619+0530][gc,phases    ] GC(1)   Pre Evacuate Collection Set: 0.0ms
[2020-06-06T12:36:32.619+0530][gc,phases    ] GC(1)   Evacuate Collection Set: 17.9ms
[2020-06-06T12:36:32.619+0530][gc,phases    ] GC(1)   Post Evacuate Collection Set: 0.8ms
[2020-06-06T12:36:32.619+0530][gc,phases    ] GC(1)   Other: 0.3ms
[2020-06-06T12:36:32.619+0530][gc,heap      ] GC(1) Eden regions: 21->0(24)
[2020-06-06T12:36:32.619+0530][gc,heap      ] GC(1) Survivor regions: 4->1(4)
[2020-06-06T12:36:32.619+0530][gc,heap      ] GC(1) Old regions: 4->8
[2020-06-06T12:36:32.619+0530][gc,heap      ] GC(1) Humongous regions: 0->0
[2020-06-06T12:36:32.619+0530][gc,metaspace ] GC(1) Metaspace: 8203K->8203K(1056768K)
[2020-06-06T12:36:32.619+0530][gc           ] GC(1) Pause Young (Normal) (G1 Evacuation Pause) 27M->6M(512M) 19.410ms
[2020-06-06T12:36:32.619+0530][gc,cpu       ] GC(1) User=0.14s Sys=0.00s Real=0.02s
[2020-06-06T16:24:31.457+0530][gc,start     ] GC(2) Pause Young (Normal) (G1 Evacuation Pause)
[2020-06-06T16:24:31.457+0530][gc,task      ] GC(2) Using 8 workers of 8 for evacuation
[2020-06-06T16:24:31.459+0530][gc,phases    ] GC(2)   Pre Evacuate Collection Set: 0.0ms
[2020-06-06T16:24:31.459+0530][gc,phases    ] GC(2)   Evacuate Collection Set: 0.9ms
[2020-06-06T16:24:31.459+0530][gc,phases    ] GC(2)   Post Evacuate Collection Set: 0.6ms
[2020-06-06T16:24:31.459+0530][gc,phases    ] GC(2)   Other: 0.3ms
[2020-06-06T16:24:31.459+0530][gc,heap      ] GC(2) Eden regions: 24->0(24)
[2020-06-06T16:24:31.459+0530][gc,heap      ] GC(2) Survivor regions: 1->1(4)
[2020-06-06T16:24:31.459+0530][gc,heap      ] GC(2) Old regions: 8->8
[2020-06-06T16:24:31.459+0530][gc,heap      ] GC(2) Humongous regions: 0->0
[2020-06-06T16:24:31.459+0530][gc,metaspace ] GC(2) Metaspace: 8215K->8215K(1056768K)
[2020-06-06T16:24:31.459+0530][gc           ] GC(2) Pause Young (Normal) (G1 Evacuation Pause) 30M->6M(512M) 2.040ms
[2020-06-06T16:24:31.459+0530][gc,cpu       ] GC(2) User=0.01s Sys=0.00s Real=0.00s
[2020-06-06T20:19:20.087+0530][gc,start     ] GC(3) Pause Young (Normal) (G1 Evacuation Pause)
[2020-06-06T20:19:20.087+0530][gc,task      ] GC(3) Using 8 workers of 8 for evacuation
[2020-06-06T20:19:20.089+0530][gc,phases    ] GC(3)   Pre Evacuate Collection Set: 0.0ms
[2020-06-06T20:19:20.089+0530][gc,phases    ] GC(3)   Evacuate Collection Set: 0.8ms
[2020-06-06T20:19:20.089+0530][gc,phases    ] GC(3)   Post Evacuate Collection Set: 0.6ms
[2020-06-06T20:19:20.089+0530][gc,phases    ] GC(3)   Other: 0.3ms
[2020-06-06T20:19:20.089+0530][gc,heap      ] GC(3) Eden regions: 24->0(24)
[2020-06-06T20:19:20.089+0530][gc,heap      ] GC(3) Survivor regions: 1->1(4)
[2020-06-06T20:19:20.089+0530][gc,heap      ] GC(3) Old regions: 8->8
[2020-06-06T20:19:20.089+0530][gc,heap      ] GC(3) Humongous regions: 0->0
[2020-06-06T20:19:20.089+0530][gc,metaspace ] GC(3) Metaspace: 8219K->8219K(1056768K)
[2020-06-06T20:19:20.089+0530][gc           ] GC(3) Pause Young (Normal) (G1 Evacuation Pause) 30M->6M(512M) 2.065ms
[2020-06-06T20:19:20.089+0530][gc,cpu       ] GC(3) User=0.00s Sys=0.00s Real=0.00s
[2020-06-06T20:28:53.851+0530][gc,heap,exit ] Heap
[2020-06-06T20:28:53.851+0530][gc,heap,exit ]  garbage-first heap   total 524288K, used 8361K [0x00000000e0000000, 0x0000000100000000)
[2020-06-06T20:28:53.851+0530][gc,heap,exit ]   region size 1024K, 4 young (4096K), 1 survivors (1024K)
[2020-06-06T20:28:53.851+0530][gc,heap,exit ]  Metaspace       used 8223K, capacity 8565K, committed 8704K, reserved 1056768K
[2020-06-06T20:28:53.851+0530][gc,heap,exit ]   class space    used 890K, capacity 1004K, committed 1024K, reserved 1048576K
