[2020-06-06T20:43:14.849+0530][gc,heap] Heap region size: 1M
[2020-06-06T20:43:14.869+0530][gc     ] Using G1
[2020-06-06T20:43:14.869+0530][gc,heap,coops] Heap address: 0x00000000e0000000, size: 512 MB, Compressed Oops mode: 32-bit
[2020-06-06T20:43:14.870+0530][gc,cds       ] Mark closed archive regions in map: [0x00000000fff00000, 0x00000000fff69ff8]
[2020-06-06T20:43:14.870+0530][gc,cds       ] Mark open archive regions in map: [0x00000000ffe00000, 0x00000000ffe46ff8]
[2020-06-06T20:43:16.854+0530][gc,heap,exit ] Heap
[2020-06-06T20:43:16.854+0530][gc,heap,exit ]  garbage-first heap   total 524288K, used 18116K [0x00000000e0000000, 0x0000000100000000)
[2020-06-06T20:43:16.854+0530][gc,heap,exit ]   region size 1024K, 18 young (18432K), 0 survivors (0K)
[2020-06-06T20:43:16.854+0530][gc,heap,exit ]  Metaspace       used 6678K, capacity 6979K, committed 7168K, reserved 1056768K
[2020-06-06T20:43:16.854+0530][gc,heap,exit ]   class space    used 772K, capacity 902K, committed 1024K, reserved 1048576K
